// Jest Snapshot v1, https://goo.gl/fbAQLP

exports[`App render shallow matches snap 1`] = `
<div
  className="App"
>
  <header
    className="App-header"
  >
    <img
      alt="logo"
      className="App-logo"
      src="logo.svg"
    />
    <h1
      className="App-title"
    >
      Welcome to React
    </h1>
  </header>
  <div
    className="App-body"
  >
    <Connect(SampleChildComponent)
      pureComponentTextSetter={[Function]}
    />
    <PureChildComponent
      passedText="uninitialized text"
    />
  </div>
</div>
`;
