// Jest Snapshot v1, https://goo.gl/fbAQLP

exports[`SampleChildComponent renders and matches snapshot 1`] = `
<div>
  SampleChildComponent
  <br />
  <input
    onChange={[Function]}
    type="text"
  />
  <button
    onClick={[Function]}
  >
    submit
  </button>
</div>
`;
